com\social\pixogram\controller\UserController.class
com\social\pixogram\service\BlockedService.class
com\social\pixogram\model\User.class
com\social\pixogram\controller\BlockedController.class
com\social\pixogram\ServletInitializer.class
com\social\pixogram\service\BlockedServiceImpl.class
com\social\pixogram\controller\FollowController.class
com\social\pixogram\repo\BlockedRepo.class
com\social\pixogram\service\UserServiceImpl.class
com\social\pixogram\repo\UserRepo.class
com\social\pixogram\service\FollowService.class
com\social\pixogram\service\FollowServiceImpl.class
com\social\pixogram\PixogramApplication.class
com\social\pixogram\repo\MediaRepo.class
com\social\pixogram\service\MediaService.class
com\social\pixogram\service\StorageService.class
com\social\pixogram\repo\FollowRepo.class
com\social\pixogram\controller\MediaController.class
com\social\pixogram\service\MediaServiceImpl.class
com\social\pixogram\model\Follow.class
com\social\pixogram\model\Blocked.class
com\social\pixogram\service\UserService.class
com\social\pixogram\model\Media.class
com\social\pixogram\controller\UploadController.class
