C:\TRAINING\IIHT\RECENT\pixoServer\src\main\java\com\social\pixogram\repo\FollowRepo.java
C:\TRAINING\IIHT\RECENT\pixoServer\src\main\java\com\social\pixogram\repo\MediaRepo.java
C:\TRAINING\IIHT\RECENT\pixoServer\src\main\java\com\social\pixogram\service\FollowServiceImpl.java
C:\TRAINING\IIHT\RECENT\pixoServer\src\main\java\com\social\pixogram\controller\BlockedController.java
C:\TRAINING\IIHT\RECENT\pixoServer\src\main\java\com\social\pixogram\service\StorageService.java
C:\TRAINING\IIHT\RECENT\pixoServer\src\main\java\com\social\pixogram\repo\BlockedRepo.java
C:\TRAINING\IIHT\RECENT\pixoServer\src\main\java\com\social\pixogram\model\Blocked.java
C:\TRAINING\IIHT\RECENT\pixoServer\src\main\java\com\social\pixogram\model\Follow.java
C:\TRAINING\IIHT\RECENT\pixoServer\src\main\java\com\social\pixogram\model\Media.java
C:\TRAINING\IIHT\RECENT\pixoServer\src\main\java\com\social\pixogram\service\UserService.java
C:\TRAINING\IIHT\RECENT\pixoServer\src\main\java\com\social\pixogram\PixogramApplication.java
C:\TRAINING\IIHT\RECENT\pixoServer\src\main\java\com\social\pixogram\service\FollowService.java
C:\TRAINING\IIHT\RECENT\pixoServer\src\main\java\com\social\pixogram\service\UserServiceImpl.java
C:\TRAINING\IIHT\RECENT\pixoServer\src\main\java\com\social\pixogram\ServletInitializer.java
C:\TRAINING\IIHT\RECENT\pixoServer\src\main\java\com\social\pixogram\controller\UserController.java
C:\TRAINING\IIHT\RECENT\pixoServer\src\main\java\com\social\pixogram\repo\UserRepo.java
C:\TRAINING\IIHT\RECENT\pixoServer\src\main\java\com\social\pixogram\model\User.java
C:\TRAINING\IIHT\RECENT\pixoServer\src\main\java\com\social\pixogram\controller\FollowController.java
C:\TRAINING\IIHT\RECENT\pixoServer\src\main\java\com\social\pixogram\controller\UploadController.java
C:\TRAINING\IIHT\RECENT\pixoServer\src\main\java\com\social\pixogram\service\BlockedServiceImpl.java
C:\TRAINING\IIHT\RECENT\pixoServer\src\main\java\com\social\pixogram\service\MediaServiceImpl.java
C:\TRAINING\IIHT\RECENT\pixoServer\src\main\java\com\social\pixogram\controller\MediaController.java
C:\TRAINING\IIHT\RECENT\pixoServer\src\main\java\com\social\pixogram\service\MediaService.java
C:\TRAINING\IIHT\RECENT\pixoServer\src\main\java\com\social\pixogram\service\BlockedService.java
